2022-11-15 17:48:36.251	[35mDEBUG[0m	This is a debug message
2022-11-15 17:48:36.252	[34mINFO[0m	This is a info message	{"int_key": 10}
2022-11-15 17:48:36.252	[33mWARN[0m	This is a formatted warn message
2022-11-15 17:48:36.252	[31mERROR[0m	Message printed with Errorw	{"X-Request-ID": "fbf54504-64da-4088-9b86-67824a7fb508"}
2022-11-15 17:48:36.252	[34mINFO[0m	Info message printed with [WithValues] logger	{"X-Request-ID": "7a7b9f24-4cae-4b2a-9464-69088b45b904"}
2022-11-15 17:48:36.252	[34mINFO[0m	Debug message printed with [WithValues] logger	{"X-Request-ID": "7a7b9f24-4cae-4b2a-9464-69088b45b904"}
2022-11-15 17:48:36.252	[34mINFO[0m	Message printed with [WithContext] logger	{"X-Request-ID": "7a7b9f24-4cae-4b2a-9464-69088b45b904"}
2022-11-15 17:48:36.252	[34mINFO[0m	test	Message printed with [WithName] logger	{"X-Request-ID": "7a7b9f24-4cae-4b2a-9464-69088b45b904"}
2022-11-15 17:48:36.252	[34mINFO[0m	This is a V level message
2022-11-15 17:48:36.252	[31mERROR[0m	This is a V level message with fields	{"X-Request-ID": "7a7b9f24-4cae-4b2a-9464-69088b45b904"}
